[2026-05-25 16:52:04.667179] COURSE HAS ZERO SECTIONS: MADIT09---
[2026-05-25 16:52:04.667733] COURSE HAS ZERO SECTIONS: MCMPR12W--
[2026-05-25 16:52:04.668062] COURSE HAS ZERO SECTIONS: MEFLS10---
[2026-05-25 16:52:04.668333] COURSE HAS ZERO SECTIONS: MLTST10---
[2026-05-25 16:52:04.668621] COURSE HAS ZERO SECTIONS: MLTST10C--
[2026-05-25 16:52:04.668879] COURSE HAS ZERO SECTIONS: MSPLG10---
[2026-05-25 16:52:04.669133] COURSE HAS ZERO SECTIONS: YESFL1AX--
[2026-05-25 16:52:04.669420] 1000: INVALID COURSE REQUEST -> MCTWR12---
[2026-05-25 16:52:04.669722] 1031: INVALID COURSE REQUEST -> MDFT-12---
[2026-05-25 16:52:04.670453] 1042: INVALID COURSE REQUEST -> MFOM-12---
[2026-05-25 16:52:04.671243] 1552: INVALID COURSE REQUEST -> MEFLS10---
[2026-05-25 16:52:04.672004] 1678: INVALID COURSE REQUEST -> MDCOM11C--
[2026-05-25 16:52:04.672401] 1735: INVALID COURSE REQUEST -> MSS--09F--
[2026-05-25 16:52:04.672763] 1803: INVALID COURSE REQUEST -> XLDCE09NM-
[2026-05-25 16:52:04.673012] 1805: INVALID COURSE REQUEST -> XLDCE09NM-
[2026-05-25 16:52:04.673255] 1806: INVALID COURSE REQUEST -> XLDCE09NM-
[2026-05-25 16:52:04.673520] 1816: INVALID COURSE REQUEST -> XLDCE09NM-
[2026-05-25 16:52:04.673774] 1818: INVALID COURSE REQUEST -> XLDCE09NM-
[2026-05-25 16:52:04.674057] 1839: INVALID COURSE REQUEST -> XLDCE09NM-
[2026-05-25 16:52:04.674293] 1852: INVALID COURSE REQUEST -> XLDCE09NM-
[2026-05-25 16:52:04.674679] 1860: INVALID COURSE REQUEST -> XLDCE09NM-
[2026-05-25 16:52:04.674976] 1914: INVALID COURSE REQUEST -> XLDCE09NM-
[2026-05-25 16:52:04.675242] 1944: INVALID COURSE REQUEST -> XLDCE09NM-
[2026-05-25 16:58:19.698224] COURSE HAS ZERO SECTIONS: MADIT09---
[2026-05-25 16:58:19.698543] COURSE HAS ZERO SECTIONS: MCMPR12W--
[2026-05-25 16:58:19.698867] COURSE HAS ZERO SECTIONS: MEFLS10---
[2026-05-25 16:58:19.699131] COURSE HAS ZERO SECTIONS: MLTST10---
[2026-05-25 16:58:19.699394] COURSE HAS ZERO SECTIONS: MLTST10C--
[2026-05-25 16:58:19.699692] COURSE HAS ZERO SECTIONS: MSPLG10---
[2026-05-25 16:58:19.699972] COURSE HAS ZERO SECTIONS: YESFL1AX--
[2026-05-25 16:58:19.700292] 1000: INVALID COURSE REQUEST -> MCTWR12---
[2026-05-25 16:58:19.700608] 1031: INVALID COURSE REQUEST -> MDFT-12---
[2026-05-25 16:58:19.700858] 1042: INVALID COURSE REQUEST -> MFOM-12---
[2026-05-25 16:58:19.701584] 1552: INVALID COURSE REQUEST -> MEFLS10---
[2026-05-25 16:58:19.702137] 1678: INVALID COURSE REQUEST -> MDCOM11C--
[2026-05-25 16:58:19.702754] 1735: INVALID COURSE REQUEST -> MSS--09F--
[2026-05-25 16:58:19.703433] 1803: INVALID COURSE REQUEST -> XLDCE09NM-
[2026-05-25 16:58:19.703924] 1805: INVALID COURSE REQUEST -> XLDCE09NM-
[2026-05-25 16:58:19.704158] 1806: INVALID COURSE REQUEST -> XLDCE09NM-
[2026-05-25 16:58:19.704629] 1816: INVALID COURSE REQUEST -> XLDCE09NM-
[2026-05-25 16:58:19.704925] 1818: INVALID COURSE REQUEST -> XLDCE09NM-
[2026-05-25 16:58:19.705233] 1839: INVALID COURSE REQUEST -> XLDCE09NM-
[2026-05-25 16:58:19.705583] 1852: INVALID COURSE REQUEST -> XLDCE09NM-
[2026-05-25 16:58:19.705886] 1860: INVALID COURSE REQUEST -> XLDCE09NM-
[2026-05-25 16:58:19.706247] 1914: INVALID COURSE REQUEST -> XLDCE09NM-
[2026-05-25 16:58:19.706540] 1944: INVALID COURSE REQUEST -> XLDCE09NM-
[2026-05-25 17:11:56.626944] COURSE HAS ZERO SECTIONS: MADIT09---
[2026-05-25 17:11:56.627297] COURSE HAS ZERO SECTIONS: MCMPR12W--
[2026-05-25 17:11:56.627625] COURSE HAS ZERO SECTIONS: MEFLS10---
[2026-05-25 17:11:56.627877] COURSE HAS ZERO SECTIONS: MLTST10---
[2026-05-25 17:11:56.628154] COURSE HAS ZERO SECTIONS: MLTST10C--
[2026-05-25 17:11:56.628384] COURSE HAS ZERO SECTIONS: MSPLG10---
[2026-05-25 17:11:56.628712] COURSE HAS ZERO SECTIONS: YESFL1AX--
[2026-05-25 17:11:56.629022] 1000: INVALID COURSE REQUEST -> MCTWR12---
[2026-05-25 17:11:56.629289] 1031: INVALID COURSE REQUEST -> MDFT-12---
[2026-05-25 17:11:56.629530] 1042: INVALID COURSE REQUEST -> MFOM-12---
[2026-05-25 17:11:56.630243] 1552: INVALID COURSE REQUEST -> MEFLS10---
[2026-05-25 17:11:56.630644] 1678: INVALID COURSE REQUEST -> MDCOM11C--
[2026-05-25 17:11:56.631175] 1735: INVALID COURSE REQUEST -> MSS--09F--
[2026-05-25 17:11:56.632031] 1803: INVALID COURSE REQUEST -> XLDCE09NM-
[2026-05-25 17:11:56.632749] 1805: INVALID COURSE REQUEST -> XLDCE09NM-
[2026-05-25 17:11:56.633418] 1806: INVALID COURSE REQUEST -> XLDCE09NM-
[2026-05-25 17:11:56.634089] 1816: INVALID COURSE REQUEST -> XLDCE09NM-
[2026-05-25 17:11:56.634774] 1818: INVALID COURSE REQUEST -> XLDCE09NM-
[2026-05-25 17:11:56.635328] 1839: INVALID COURSE REQUEST -> XLDCE09NM-
[2026-05-25 17:11:56.635707] 1852: INVALID COURSE REQUEST -> XLDCE09NM-
[2026-05-25 17:11:56.636264] 1860: INVALID COURSE REQUEST -> XLDCE09NM-
[2026-05-25 17:11:56.636762] 1914: INVALID COURSE REQUEST -> XLDCE09NM-
[2026-05-25 17:11:56.637298] 1944: INVALID COURSE REQUEST -> XLDCE09NM-
[2026-05-25 17:23:51.151131] COURSE HAS ZERO SECTIONS: MADIT09---
[2026-05-25 17:23:51.151530] COURSE HAS ZERO SECTIONS: MCMPR12W--
[2026-05-25 17:23:51.151796] COURSE HAS ZERO SECTIONS: MEFLS10---
[2026-05-25 17:23:51.152010] COURSE HAS ZERO SECTIONS: MLTST10---
[2026-05-25 17:23:51.152204] COURSE HAS ZERO SECTIONS: MLTST10C--
[2026-05-25 17:23:51.152453] COURSE HAS ZERO SECTIONS: MSPLG10---
[2026-05-25 17:23:51.152706] COURSE HAS ZERO SECTIONS: YESFL1AX--
[2026-05-25 17:23:51.152906] 1000: INVALID COURSE REQUEST -> MCTWR12---
[2026-05-25 17:23:51.153160] 1031: INVALID COURSE REQUEST -> MDFT-12---
[2026-05-25 17:23:51.153433] 1042: INVALID COURSE REQUEST -> MFOM-12---
[2026-05-25 17:23:51.154140] 1552: INVALID COURSE REQUEST -> MEFLS10---
[2026-05-25 17:23:51.154468] 1678: INVALID COURSE REQUEST -> MDCOM11C--
[2026-05-25 17:23:51.155040] 1735: INVALID COURSE REQUEST -> MSS--09F--
[2026-05-25 17:23:51.155477] 1803: INVALID COURSE REQUEST -> XLDCE09NM-
[2026-05-25 17:23:51.155822] 1805: INVALID COURSE REQUEST -> XLDCE09NM-
[2026-05-25 17:23:51.156176] 1806: INVALID COURSE REQUEST -> XLDCE09NM-
[2026-05-25 17:23:51.156449] 1816: INVALID COURSE REQUEST -> XLDCE09NM-
[2026-05-25 17:23:51.156726] 1818: INVALID COURSE REQUEST -> XLDCE09NM-
[2026-05-25 17:23:51.157029] 1839: INVALID COURSE REQUEST -> XLDCE09NM-
[2026-05-25 17:23:51.157330] 1852: INVALID COURSE REQUEST -> XLDCE09NM-
[2026-05-25 17:23:51.157606] 1860: INVALID COURSE REQUEST -> XLDCE09NM-
[2026-05-25 17:23:51.157896] 1914: INVALID COURSE REQUEST -> XLDCE09NM-
[2026-05-25 17:23:51.158145] 1944: INVALID COURSE REQUEST -> XLDCE09NM-
[2026-05-25 22:12:27.240945] COURSE HAS ZERO SECTIONS: MADIT09---
[2026-05-25 22:12:27.241445] COURSE HAS ZERO SECTIONS: MCMPR12W--
[2026-05-25 22:12:27.241445] COURSE HAS ZERO SECTIONS: MEFLS10---
[2026-05-25 22:12:27.241945] COURSE HAS ZERO SECTIONS: MLTST10---
[2026-05-25 22:12:27.241945] COURSE HAS ZERO SECTIONS: MLTST10C--
[2026-05-25 22:12:27.242445] COURSE HAS ZERO SECTIONS: MSPLG10---
[2026-05-25 22:12:27.242945] COURSE HAS ZERO SECTIONS: YESFL1AX--
[2026-05-25 22:12:27.242945] 1000: INVALID COURSE REQUEST -> MCTWR12---
[2026-05-25 22:12:27.243447] 1031: INVALID COURSE REQUEST -> MDFT-12---
[2026-05-25 22:12:27.243948] 1042: INVALID COURSE REQUEST -> MFOM-12---
[2026-05-25 22:12:27.244446] 1552: INVALID COURSE REQUEST -> MEFLS10---
[2026-05-25 22:12:27.244446] 1678: INVALID COURSE REQUEST -> MDCOM11C--
[2026-05-25 22:12:27.245452] 1735: INVALID COURSE REQUEST -> MSS--09F--
[2026-05-25 22:12:27.245452] 1803: INVALID COURSE REQUEST -> XLDCE09NM-
[2026-05-25 22:12:27.245960] 1805: INVALID COURSE REQUEST -> XLDCE09NM-
[2026-05-25 22:12:27.246458] 1806: INVALID COURSE REQUEST -> XLDCE09NM-
[2026-05-25 22:12:27.246458] 1816: INVALID COURSE REQUEST -> XLDCE09NM-
[2026-05-25 22:12:27.246964] 1818: INVALID COURSE REQUEST -> XLDCE09NM-
[2026-05-25 22:12:27.246964] 1839: INVALID COURSE REQUEST -> XLDCE09NM-
[2026-05-25 22:12:27.247464] 1852: INVALID COURSE REQUEST -> XLDCE09NM-
[2026-05-25 22:12:27.247962] 1860: INVALID COURSE REQUEST -> XLDCE09NM-
[2026-05-25 22:12:27.247962] 1914: INVALID COURSE REQUEST -> XLDCE09NM-
[2026-05-25 22:12:27.248463] 1944: INVALID COURSE REQUEST -> XLDCE09NM-
[2026-05-25 22:12:34.566125] COURSE HAS ZERO SECTIONS: MADIT09---
[2026-05-25 22:12:34.566628] COURSE HAS ZERO SECTIONS: MCMPR12W--
[2026-05-25 22:12:34.566628] COURSE HAS ZERO SECTIONS: MEFLS10---
[2026-05-25 22:12:34.567125] COURSE HAS ZERO SECTIONS: MLTST10---
[2026-05-25 22:12:34.567125] COURSE HAS ZERO SECTIONS: MLTST10C--
[2026-05-25 22:12:34.567625] COURSE HAS ZERO SECTIONS: MSPLG10---
[2026-05-25 22:12:34.567625] COURSE HAS ZERO SECTIONS: YESFL1AX--
[2026-05-25 22:12:34.568125] 1000: INVALID COURSE REQUEST -> MCTWR12---
[2026-05-25 22:12:34.568624] 1031: INVALID COURSE REQUEST -> MDFT-12---
[2026-05-25 22:12:34.568624] 1042: INVALID COURSE REQUEST -> MFOM-12---
[2026-05-25 22:12:34.569624] 1552: INVALID COURSE REQUEST -> MEFLS10---
[2026-05-25 22:12:34.569624] 1678: INVALID COURSE REQUEST -> MDCOM11C--
[2026-05-25 22:12:34.570126] 1735: INVALID COURSE REQUEST -> MSS--09F--
[2026-05-25 22:12:34.570624] 1803: INVALID COURSE REQUEST -> XLDCE09NM-
[2026-05-25 22:12:34.570624] 1805: INVALID COURSE REQUEST -> XLDCE09NM-
[2026-05-25 22:12:34.571126] 1806: INVALID COURSE REQUEST -> XLDCE09NM-
[2026-05-25 22:12:34.571126] 1816: INVALID COURSE REQUEST -> XLDCE09NM-
[2026-05-25 22:12:34.571624] 1818: INVALID COURSE REQUEST -> XLDCE09NM-
[2026-05-25 22:12:34.571624] 1839: INVALID COURSE REQUEST -> XLDCE09NM-
[2026-05-25 22:12:34.572125] 1852: INVALID COURSE REQUEST -> XLDCE09NM-
[2026-05-25 22:12:34.572625] 1860: INVALID COURSE REQUEST -> XLDCE09NM-
[2026-05-25 22:12:34.572625] 1914: INVALID COURSE REQUEST -> XLDCE09NM-
[2026-05-25 22:12:34.573124] 1944: INVALID COURSE REQUEST -> XLDCE09NM-
[2026-05-25 22:24:05.629363] COURSE HAS ZERO SECTIONS: MADIT09---
[2026-05-25 22:24:05.629863] COURSE HAS ZERO SECTIONS: MCMPR12W--
[2026-05-25 22:24:05.630360] COURSE HAS ZERO SECTIONS: MEFLS10---
[2026-05-25 22:24:05.630360] COURSE HAS ZERO SECTIONS: MLTST10---
[2026-05-25 22:24:05.630863] COURSE HAS ZERO SECTIONS: MLTST10C--
[2026-05-25 22:24:05.630863] COURSE HAS ZERO SECTIONS: MSPLG10---
[2026-05-25 22:24:05.631363] COURSE HAS ZERO SECTIONS: YESFL1AX--
[2026-05-25 22:24:05.631863] 1000: INVALID COURSE REQUEST -> MCTWR12---
[2026-05-25 22:24:05.631863] 1031: INVALID COURSE REQUEST -> MDFT-12---
[2026-05-25 22:24:05.632363] 1042: INVALID COURSE REQUEST -> MFOM-12---
[2026-05-25 22:24:05.632861] 1552: INVALID COURSE REQUEST -> MEFLS10---
[2026-05-25 22:24:05.633360] 1678: INVALID COURSE REQUEST -> MDCOM11C--
[2026-05-25 22:24:05.633861] 1735: INVALID COURSE REQUEST -> MSS--09F--
[2026-05-25 22:24:05.633861] 1803: INVALID COURSE REQUEST -> XLDCE09NM-
[2026-05-25 22:24:05.634361] 1805: INVALID COURSE REQUEST -> XLDCE09NM-
[2026-05-25 22:24:05.634860] 1806: INVALID COURSE REQUEST -> XLDCE09NM-
[2026-05-25 22:24:05.634860] 1816: INVALID COURSE REQUEST -> XLDCE09NM-
[2026-05-25 22:24:05.634860] 1818: INVALID COURSE REQUEST -> XLDCE09NM-
[2026-05-25 22:24:05.634860] 1839: INVALID COURSE REQUEST -> XLDCE09NM-
[2026-05-25 22:24:05.635864] 1852: INVALID COURSE REQUEST -> XLDCE09NM-
[2026-05-25 22:24:05.635864] 1860: INVALID COURSE REQUEST -> XLDCE09NM-
[2026-05-25 22:24:05.636370] 1914: INVALID COURSE REQUEST -> XLDCE09NM-
[2026-05-25 22:24:05.636869] 1944: INVALID COURSE REQUEST -> XLDCE09NM-
